[www.monash.edu/pharm/research/areas/drug-discovery/labs/Receptor-transducer-coupling/alumni.html]
[www.monash.edu/__data/assets/git_bridge/0006/509343/deploy/mysource_files/favicon-152.png]
[www.monash.edu/__data/assets/git_bridge/0006/509343/deploy/mysource_files/favicon-144.png]
[www.monash.edu/__data/assets/git_bridge/0006/509343/deploy/mysource_files/favicon-120.png]
[www.monash.edu/__data/assets/git_bridge/0006/509343/deploy/mysource_files/favicon-114.png]
[www.monash.edu/__data/assets/git_bridge/0006/509343/deploy/mysource_files/favicon-72.png]
[www.monash.edu/__data/assets/git_bridge/0006/509343/deploy/mysource_files/favicon-57.png]
[backblue.gif]
[fade.gif]
[index.html]
[cdnjs.cloudflare.com/ajax/libs/font-awesome/4.7.0/css/font-awesome.css]
[www.monash.edu/__data/assets/git_bridge/0011/789905/bitbucket/minified/stylesheets/public.min.css]
[www.monash.edu/__data/assets/css_file/0010/1382914/utilitiesaf43.css]
[www.monash.edu/pharm/research/areas/drug-discovery/labs/Receptor-transducer-coupling/home.html]
[www.monash.edu/pharm/research/areas/drug-discovery/labs/Receptor-transducer-coupling/research.html]
[www.monash.edu/pharm/research/areas/drug-discovery/labs/Receptor-transducer-coupling/sebastian.html]
[www.monash.edu/pharm/research/areas/drug-discovery/labs/Receptor-transducer-coupling/team.html]
[www.monash.edu/pharm/research/areas/drug-discovery/labs/Receptor-transducer-coupling/publications.html]
[www.monash.edu/pharm/research/areas/drug-discovery/labs/Receptor-transducer-coupling/alumni1f0d]
[www.monash.edu/__data/assets/image/0005/1985342/anna-ostrovskaya1.png]
[www.monash.edu/__data/assets/image/0011/1987679/kavita-pabreja.png]
[www.monash.edu/__data/assets/image/0009/1987677/emma-dalmaso.jpg]
[www.monash.edu/__data/assets/image/0010/1987678/muzaida-mohd.jpg]
[www.monash.edu/pharm/research/areas/drug-discovery/labs/Receptor-transducer-coupling/alumni.html]
[cdnjs.cloudflare.com/ajax/libs/font-awesome/4.7.0/css/font-awesome.css]
[www.monash.edu/__data/assets/git_bridge/0011/789905/bitbucket/minified/stylesheets/public.min.css]
[www.monash.edu/__data/assets/css_file/0010/1382914/utilitiesaf43.css]
[www.googletagmanager.com/gtm5445.html]
[www.monash.edu/__data/assets/git_bridge/0011/789905/bitbucket/minified/javascript/public.mined3f.js]
[www.monash.edu/__data/assets/image/0008/1992950/varieties/large.jpg]
[www.monash.edu/__data/assets/image/0009/1992951/varieties/large.png]
[www.monash.edu/pharm/research/areas/drug-discovery/labs/Receptor-transducer-coupling/home1f0d]
[www.monash.edu/pharm/research/areas/drug-discovery/labs/Receptor-transducer-coupling/home.html]
[www.monash.edu/pharm/research/areas/drug-discovery/labs/Receptor-transducer-coupling/research1f0d]
[www.monash.edu/__data/assets/image/0003/1985232/gut-brain-axis.png]
[www.monash.edu/__data/assets/image/0010/1985239/cck-satietycartoon.png]
[www.monash.edu/__data/assets/image/0003/1985241/sensor-cartoon.png]
[www.monash.edu/pharm/research/areas/drug-discovery/labs/Receptor-transducer-coupling/research.html]
[www.monash.edu/__data/assets/image/0011/1985240/ghrelin-cartoon.png]
[www.monash.edu/pharm/research/areas/drug-discovery/labs/Receptor-transducer-coupling/sebastian1f0d]
[www.monash.edu/__data/assets/image/0005/1985261/Sebastian-Headshot.jpg]
[www.monash.edu/__data/assets/image/0010/1994302/MonashLogo.png]
[www.monash.edu/__data/assets/image/0009/1985256/google-scholar-logo.jpg]
[www.monash.edu/__data/assets/image/0004/1985260/researchgate.png]
[www.monash.edu/__data/assets/image/0011/1985258/orcid.png]
[www.monash.edu/__data/assets/image/0012/1985259/publons.jpg]
[www.monash.edu/__data/assets/image/0010/1985257/linkedin.jpg]
[www.monash.edu/__data/assets/image/0006/1985262/twitter-logo.png]
[www.monash.edu/pharm/research/areas/drug-discovery/labs/Receptor-transducer-coupling/sebastian.html]
[www.monash.edu/pharm/research/areas/drug-discovery/labs/Receptor-transducer-coupling/team1f0d]
[www.monash.edu/__data/assets/image/0007/2112928/Michelle_Xu.jpg]
[www.monash.edu/pharm/research/areas/drug-discovery/labs/Receptor-transducer-coupling/media/images/team/Emily_Whitfield.jpg]
[www.monash.edu/__data/assets/image/0010/2388214/NoahPiper.jpg]
[www.monash.edu/__data/assets/image/0007/1985344/linda-fothergill1.png]
[www.monash.edu/__data/assets/image/0010/1985347/pragya-gupta1.jpg]
[www.monash.edu/__data/assets/image/0008/1985345/mitchell-ringuet1.png]
[www.monash.edu/__data/assets/image/0009/1985346/patrick-sexton1.png]
[www.monash.edu/__data/assets/image/0010/1985293/denise-wootten.jpg]
[www.monash.edu/__data/assets/image/0004/1985296/larry-miller.jpg]
[www.monash.edu/__data/assets/image/0009/1985292/chris-ritchie.jpg]
[www.monash.edu/__data/assets/image/0006/1985343/biritte-holst1.png]
[www.monash.edu/__data/assets/image/0011/1985294/john-furness.jpg]
[www.monash.edu/__data/assets/image/0006/1985298/peter-wookey.jpg]
[www.monash.edu/pharm/research/areas/drug-discovery/labs/Receptor-transducer-coupling/team.html]
[www.monash.edu/pharm/research/areas/drug-discovery/labs/Receptor-transducer-coupling/publications1f0d]
[www.monash.edu/__data/assets/image/0012/1987671/cell-cover.jpg]
[www.monash.edu/__data/assets/image/0004/1987672/nature-cover.png]
[www.monash.edu/__data/assets/image/0008/1987667/acs-pats-cover.png]
[www.monash.edu/__data/assets/image/0009/1987668/bcp-cover.png]
[www.monash.edu/__data/assets/image/0011/1987670/cancer-imm-imm-cover.jpg]
[www.monash.edu/__data/assets/image/0010/1987669/bmc-cancer-cover.jpg]
[www.monash.edu/pharm/research/areas/drug-discovery/labs/Receptor-transducer-coupling/nature.com/articles/nature25773]
[www.monash.edu/pharm/research/areas/drug-discovery/labs/Receptor-transducer-coupling/publications.html]
[www.monash.edu/pharm/research/areas/drug-discovery/labs/Receptor-transducer-coupling/alumni1f0d.html]
[www.monash.edu/pharm/research/areas/drug-discovery/labs/Receptor-transducer-coupling/home1f0d.html]
[www.monash.edu/pharm/research/areas/drug-discovery/labs/Receptor-transducer-coupling/research1f0d.html]
[www.monash.edu/pharm/research/areas/drug-discovery/labs/Receptor-transducer-coupling/sebastian1f0d.html]
[www.monash.edu/pharm/research/areas/drug-discovery/labs/Receptor-transducer-coupling/team1f0d.html]
[www.monash.edu/pharm/research/areas/drug-discovery/labs/Receptor-transducer-coupling/media/images/team/Emily_Whitfield.html]
[www.monash.edu/pharm/research/areas/drug-discovery/labs/Receptor-transducer-coupling/publications1f0d.html]
[www.monash.edu/pharm/research/areas/drug-discovery/labs/Receptor-transducer-coupling/nature.com/articles/nature25773.html]
